Generator initialized successfully.

--- Testing Router Classification ---
Router Error: 404 NOT_FOUND. {'error': {'code': 404, 'message': 'models/gemini-2.0-flash-exp is not found for API version v1beta, or is not supported for generateContent. Call ListModels to see the list of available models and their supported methods.', 'status': 'NOT_FOUND'}}
Query: '안녕하세요' -> Predicted: general (Expected: general) [PASS]
Router Error: 404 NOT_FOUND. {'error': {'code': 404, 'message': 'models/gemini-2.0-flash-exp is not found for API version v1beta, or is not supported for generateContent. Call ListModels to see the list of available models and their supported methods.', 'status': 'NOT_FOUND'}}
Query: '진료 시간이 어떻게 되나요?' -> Predicted: general (Expected: general) [PASS]
Router Error: 404 NOT_FOUND. {'error': {'code': 404, 'message': 'models/gemini-2.0-flash-exp is not found for API version v1beta, or is not supported for generateContent. Call ListModels to see the list of available models and their supported methods.', 'status': 'NOT_FOUND'}}
Query: '암 환자 식단 추천해줘' -> Predicted: general (Expected: cancer) [FAIL]
Router Error: 404 NOT_FOUND. {'error': {'code': 404, 'message': 'models/gemini-2.0-flash-exp is not found for API version v1beta, or is not supported for generateContent. Call ListModels to see the list of available models and their supported methods.', 'status': 'NOT_FOUND'}}
Query: '항암 치료 부작용이 뭐야?' -> Predicted: general (Expected: cancer) [FAIL]
Router Error: 404 NOT_FOUND. {'error': {'code': 404, 'message': 'models/gemini-2.0-flash-exp is not found for API version v1beta, or is not supported for generateContent. Call ListModels to see the list of available models and their supported methods.', 'status': 'NOT_FOUND'}}
Query: '자율신경 실조증 증상 알려줘' -> Predicted: general (Expected: nerve) [FAIL]
Router Error: 404 NOT_FOUND. {'error': {'code': 404, 'message': 'models/gemini-2.0-flash-exp is not found for API version v1beta, or is not supported for generateContent. Call ListModels to see the list of available models and their supported methods.', 'status': 'NOT_FOUND'}}
Query: '기립성 빈맥 증후군 치료법' -> Predicted: general (Expected: nerve) [FAIL]
Router Error: 404 NOT_FOUND. {'error': {'code': 404, 'message': 'models/gemini-2.0-flash-exp is not found for API version v1beta, or is not supported for generateContent. Call ListModels to see the list of available models and their supported methods.', 'status': 'NOT_FOUND'}}
Query: '오늘 날씨 어때?' -> Predicted: general (Expected: general) [PASS]
Router Error: 404 NOT_FOUND. {'error': {'code': 404, 'message': 'models/gemini-2.0-flash-exp is not found for API version v1beta, or is not supported for generateContent. Call ListModels to see the list of available models and their supported methods.', 'status': 'NOT_FOUND'}}
Query: '고주파 온열 치료가 뭐야?' -> Predicted: general (Expected: cancer) [FAIL]
